// Jest Snapshot v1, https://goo.gl/fbAQLP

exports[`content container should match the snapshot 1`] = `undefined`;
